* Clock Time Test [C: 0:36]
** Item
:LOGBOOK:
CLOCK: [2021-11-11 Thu 12:20]--[2021-11-11 Thu 12:56] =>  0:36
:END:
