* Effort Test [E: 0:30]
** Item
:PROPERTIES:
:Effort:   30
:END:
