* Heading [S: 1:52]
** Scheduled Item
SCHEDULED: <2021-11-10 Wed 10:00-11:00>
** Scheduled Item No Time
SCHEDULED: <2021-11-10 Wed>
** Scheduled Item 2
SCHEDULED: <2021-11-10 Wed 12:30-13:15>
*** Subheading
**** Scheduled Item 3
SCHEDULED: <2021-11-10 Wed 14:00-14:07>
